src/App.tsx(19,10): error TS2724: '"@refinedev/antd"' has no exported member named 'ThemedLayoutV2'. Did you mean 'ThemedLayout'?
src/App.tsx(19,26): error TS2724: '"@refinedev/antd"' has no exported member named 'ThemedSiderV2'. Did you mean 'ThemedSider'?
src/App.tsx(19,41): error TS2724: '"@refinedev/antd"' has no exported member named 'ThemedTitleV2'. Did you mean 'ThemedTitle'?
src/dummyRouterProvider.ts(1,10): error TS2724: '"@refinedev/core"' has no exported member named 'IRouterProvider'. Did you mean 'RouterProvider'?
